// Vitest Snapshot v1, https://vitest.dev/guide/snapshot.html

exports[`generateForPlayground 1`] = `
{
  "predicatesCode": "import { type X } from "./types";
export function isX(root: unknown): root is X {
    // check that \`root\` is of primitive type \`number\`
    if (!(typeof root === "number")) {
        return false;
    }
    /*
      In TypeScript the \`never\` type is assignable to any other type,
      effectively turning it into an unsafe \`any\` type at assignment.
      The following checks ensure that none of the checked values got
      narrowed down to \`never\`.
    */ 
    // @ts-expect-error: should not be \`never\`
    (isX) satisfies never;
    // @ts-expect-error: should not be \`never\`
    (root) satisfies never;
    /*
      Verify that all the predicates above narrowed all the types
      down to the root type that is being checked by the predicate.
      This is the key check that makes the whole type predicate safe.
    */
    (root) satisfies X;
    return true;
}
",
  "testsCode": "import { expect, describe, it } from "./vitest";
import { isX } from "./types_guards";
const invalidValue: any = Symbol("invalidValue");
const valid_X = [
    0,
    42
];
const invalid_X = [
    invalidValue
];
describe("X", () => {
    it.for(valid_X)("valid", (value: unknown) => {
        expect(isX(value)).toBe(true);
    });
    it.for(invalid_X)("invalid", (value: unknown) => {
        expect(isX(value)).toBe(false);
    });
});
",
}
`;
